---
source: crates/syntax/tests/dump.rs
expression: "oj_syntax::print_tree(&parsed.ast, parsed.root, &interner)"
---
BLOCK DataDeclarations BlockFlags(0x0)
  statement[0]: DIRECTIVE_IMPORT "Basic" ShortName ImportFlags(0x0)
  statement[1]: DECLARATION DeclarationFlags(IS_CONSTANT)
    name: IDENT Math IdentFlags(0x0)
    expression: DIRECTIVE_IMPORT "Math" ShortName ImportFlags(0x0)
      module_parameter[0].name: IDENT FAST IdentFlags(0x0)
      module_parameter[0]: LITERAL bool true LiteralFlags(0x0)
      program_parameter[0].name: IDENT ENABLE_ASSERT IdentFlags(0x0)
      program_parameter[0]: LITERAL bool false LiteralFlags(0x0)
  statement[2]: DIRECTIVE_LOAD "other.jai"
  statement[3]: DECLARATION DeclarationFlags(IS_CONSTANT)
    name: IDENT libc IdentFlags(0x0)
    expression: DIRECTIVE_LIBRARY "libc" LibraryFlags(IS_SYSTEM_LIBRARY)
  statement[4]: DIRECTIVE_SCOPE Internal
  statement[5]: DECLARATION DeclarationFlags(IS_CONSTANT)
    name: IDENT Mode IdentFlags(0x0)
    expression: ENUM flags_enum=false complete=false specified=true
      internal_type: TYPE_INSTANTIATION InstFlags(0x0)
        expression: IDENT u8 IdentFlags(0x0)
      block: BLOCK flags=NodeFlags(IS_PARENTHESIZED) Constants BlockFlags(0x0)
        statement[0]: DECLARATION DeclarationFlags(IS_CONSTANT)
          name: IDENT QUIET IdentFlags(0x0)
          expression: LITERAL int 0 LiteralFlags(IS_A_NUMBER)
        statement[1]: DECLARATION DeclarationFlags(IS_CONSTANT)
          name: IDENT LOUD IdentFlags(0x0)
          expression: LITERAL int 1 LiteralFlags(IS_A_NUMBER)
  statement[6]: DECLARATION DeclarationFlags(IS_CONSTANT)
    name: IDENT Flags IdentFlags(0x0)
    expression: ENUM flags_enum=true complete=false specified=false
      note[0]: NOTE Hi
      block: BLOCK flags=NodeFlags(IS_PARENTHESIZED) Constants BlockFlags(0x0)
        statement[0]: DECLARATION DeclarationFlags(IS_CONSTANT)
          name: IDENT A IdentFlags(0x0)
        statement[1]: DECLARATION DeclarationFlags(IS_CONSTANT)
          name: IDENT B IdentFlags(0x0)
          expression: LITERAL int 64 LiteralFlags(IS_A_NUMBER | HEX)
  statement[7]: DECLARATION DeclarationFlags(IS_CONSTANT)
    name: IDENT Vector2 IdentFlags(0x0)
    expression: STRUCT StructFlags(0x0) has_arguments=false
      block: BLOCK flags=NodeFlags(IS_PARENTHESIZED) DataDeclarations BlockFlags(0x0)
        statement[0]: COMPOUND_DECLARATION
          names: COMMA_SEPARATED_ARGUMENTS
            argument[0] None: IDENT x IdentFlags(0x0)
            argument[1] None: IDENT y IdentFlags(0x0)
          properties: DECLARATION DeclarationFlags(0x0)
            type: TYPE_INSTANTIATION InstFlags(0x0)
              expression: IDENT float IdentFlags(0x0)
  statement[8]: DECLARATION DeclarationFlags(IS_CONSTANT)
    name: IDENT Entity IdentFlags(0x0)
    expression: STRUCT StructFlags(NO_PADDING) has_arguments=true
      argument[0]: DECLARATION DeclarationFlags(0x0)
        name: IDENT T IdentFlags(0x0)
        type: TYPE_INSTANTIATION InstFlags(0x0)
          expression: IDENT Type IdentFlags(0x0)
      argument[1]: DECLARATION DeclarationFlags(0x0)
        name: IDENT N IdentFlags(0x0)
        type: TYPE_INSTANTIATION InstFlags(0x0)
          expression: IDENT s64 IdentFlags(0x0)
        expression: LITERAL int 3 LiteralFlags(IS_A_NUMBER)
      note[0]: NOTE Serialized
      block: BLOCK flags=NodeFlags(IS_PARENTHESIZED) DataDeclarations BlockFlags(0x0)
        statement[0]: USING None no_parameters=false
          expression: DECLARATION DeclarationFlags(IS_MARKED_AS_AS)
            name: IDENT position IdentFlags(0x0)
            type: TYPE_INSTANTIATION InstFlags(0x0)
              expression: IDENT Vector2 IdentFlags(0x0)
        statement[1]: DECLARATION DeclarationFlags(0x0)
          name: IDENT name IdentFlags(0x0)
          expression: LITERAL string "unnamed" LiteralFlags(0x0)
        statement[2]: DECLARATION DeclarationFlags(0x0)
          name: IDENT values IdentFlags(0x0)
          type: TYPE_INSTANTIATION InstFlags(0x0)
            array_dimension: IDENT N IdentFlags(0x0)
            element_type: TYPE_INSTANTIATION InstFlags(0x0)
              expression: IDENT T IdentFlags(0x0)
        statement[3]: DECLARATION DeclarationFlags(0x0)
          name: IDENT handle IdentFlags(0x0)
          type: TYPE_INSTANTIATION InstFlags(0x0)
            expression: IDENT u32 IdentFlags(0x0)
          alignment: LITERAL int 4 LiteralFlags(IS_A_NUMBER)
        statement[4]: STRUCT StructFlags(UNION) has_arguments=false
          block: BLOCK flags=NodeFlags(IS_PARENTHESIZED) DataDeclarations BlockFlags(0x0)
            statement[0]: DECLARATION DeclarationFlags(0x0)
              name: IDENT i IdentFlags(0x0)
              type: TYPE_INSTANTIATION InstFlags(0x0)
                expression: IDENT s32 IdentFlags(0x0)
            statement[1]: DECLARATION DeclarationFlags(0x0)
              name: IDENT f IdentFlags(0x0)
              type: TYPE_INSTANTIATION InstFlags(0x0)
                expression: IDENT float IdentFlags(0x0)
        statement[5]: DIRECTIVE_PLACE
          ident: IDENT x IdentFlags(0x0)
        statement[6]: DECLARATION DeclarationFlags(0x0)
          name: IDENT overlapping IdentFlags(0x0)
          type: TYPE_INSTANTIATION InstFlags(0x0)
            expression: IDENT float IdentFlags(0x0)
        statement[7]: DECLARATION DeclarationFlags(IS_CONSTANT)
          name: IDENT Nested IdentFlags(0x0)
          expression: STRUCT StructFlags(0x0) has_arguments=false
            block: BLOCK flags=NodeFlags(IS_PARENTHESIZED) DataDeclarations BlockFlags(0x0)
              statement[0]: DECLARATION DeclarationFlags(0x0)
                name: IDENT k IdentFlags(0x0)
                type: TYPE_INSTANTIATION InstFlags(0x0)
                  expression: IDENT int IdentFlags(0x0)
        statement[8]: DECLARATION DeclarationFlags(IS_CONSTANT)
          name: IDENT K IdentFlags(0x0)
          expression: LITERAL int 16 LiteralFlags(IS_A_NUMBER)
        statement[9]: IF IfFlags(IS_STATIC)
          condition: BINARY_OPERATOR == BinaryFlags(0x0)
            left: IDENT OS IdentFlags(0x0)
            right: UNARY_OPERATOR .
              operand: IDENT LINUX IdentFlags(IS_RHS_OF_DOT_DEREFERENCE)
          then: BLOCK flags=NodeFlags(IS_PARENTHESIZED) Imperative BlockFlags(0x0)
            statement[0]: DECLARATION DeclarationFlags(0x0)
              name: IDENT fd IdentFlags(0x0)
              type: TYPE_INSTANTIATION InstFlags(0x0)
                expression: IDENT s32 IdentFlags(0x0)
  statement[9]: DECLARATION DeclarationFlags(IS_CONSTANT)
    name: IDENT TAU IdentFlags(0x0)
    expression: LITERAL float 401921fb54442d18 LiteralFlags(IS_A_NUMBER | FLOAT | REQUIRES_FLOAT64)
  statement[10]: DECLARATION DeclarationFlags(IS_CONSTANT)
    name: IDENT NAMES IdentFlags(0x0)
    expression: LITERAL array LiteralFlags(0x0)
      element_type: TYPE_INSTANTIATION InstFlags(0x0)
        expression: IDENT string IdentFlags(0x0)
      member[0]: LITERAL string "a" LiteralFlags(0x0)
      member[1]: LITERAL string "b" LiteralFlags(0x0)
  statement[11]: DECLARATION DeclarationFlags(IS_CONSTANT)
    name: IDENT ORIGIN IdentFlags(0x0)
    expression: LITERAL struct LiteralFlags(0x0)
      type: TYPE_INSTANTIATION InstFlags(0x0)
        expression: IDENT Vector2 IdentFlags(0x0)
      argument[0]: LITERAL int 0 LiteralFlags(IS_A_NUMBER)
      argument[1]: LITERAL int 0 LiteralFlags(IS_A_NUMBER)
  statement[12]: DECLARATION DeclarationFlags(IS_CONSTANT)
    name: IDENT USAGE IdentFlags(0x0)
    expression: LITERAL string "usage: tour [-quiet]\n" LiteralFlags(HERE_STRING)
  statement[13]: DECLARATION DeclarationFlags(ELSEWHERE) elsewhere="environ"
    name: IDENT environ IdentFlags(0x0)
    elsewhere_library: IDENT libc IdentFlags(0x0)
    type: TYPE_INSTANTIATION InstFlags(0x0)
      pointer_to: TYPE_INSTANTIATION InstFlags(0x0)
        expression: IDENT u8 IdentFlags(0x0)
  statement[14]: DECLARATION DeclarationFlags(NO_RESET)
    name: IDENT counter IdentFlags(0x0)
    type: TYPE_INSTANTIATION InstFlags(0x0)
      expression: IDENT int IdentFlags(0x0)
  statement[15]: DECLARATION DeclarationFlags(IS_CONSTANT | PROGRAM_EXPORT) export="oj_start"
    name: IDENT start IdentFlags(0x0)
    expression: PROCEDURE_HEADER ProcedureFlags(0x0) parenthesized_returns=false
      body: PROCEDURE_BODY
        block: BLOCK flags=NodeFlags(IS_PARENTHESIZED) Imperative BlockFlags(0x0)
  statement[16]: DECLARATION DeclarationFlags(IS_CONSTANT)
    name: IDENT sum IdentFlags(0x0)
    expression: PROCEDURE_HEADER ProcedureFlags(POLYMORPHIC | QUICK) parenthesized_returns=false
      argument[0]: DECLARATION DeclarationFlags(0x0)
        name: IDENT x IdentFlags(0x0)
      argument[1]: DECLARATION DeclarationFlags(0x0)
        name: IDENT total IdentFlags(0x0)
      body: PROCEDURE_BODY
        block: BLOCK Imperative BlockFlags(0x0)
          statement[0]: RETURN ReturnFlags(AUTO_INSERTED_FOR_QUICK_LAMBDA)
            value[0]: BINARY_OPERATOR + BinaryFlags(0x0)
              left: IDENT x IdentFlags(0x0)
              right: IDENT total IdentFlags(0x0)
  statement[17]: DECLARATION DeclarationFlags(IS_CONSTANT)
    name: IDENT square IdentFlags(0x0)
    expression: PROCEDURE_HEADER ProcedureFlags(POLYMORPHIC | QUICK) parenthesized_returns=false
      argument[0]: DECLARATION DeclarationFlags(0x0)
        name: IDENT x IdentFlags(0x0)
      body: PROCEDURE_BODY
        block: BLOCK Imperative BlockFlags(0x0)
          statement[0]: RETURN ReturnFlags(AUTO_INSERTED_FOR_QUICK_LAMBDA)
            value[0]: BINARY_OPERATOR * BinaryFlags(0x0)
              left: IDENT x IdentFlags(0x0)
              right: IDENT x IdentFlags(0x0)
  statement[18]: DECLARATION DeclarationFlags(IS_CONSTANT)
    name: IDENT clamp IdentFlags(0x0)
    expression: PROCEDURE_HEADER ProcedureFlags(SYNTACTICALLY_MARKED_AS_INLINE_YES) parenthesized_returns=false
      argument[0]: DECLARATION DeclarationFlags(0x0)
        name: IDENT value IdentFlags(0x0)
        type: TYPE_INSTANTIATION InstFlags(0x0)
          expression: IDENT T IdentFlags(DEFINES_POLYMORPH_VARIABLE)
      argument[1]: DECLARATION DeclarationFlags(0x0)
        name: IDENT low IdentFlags(0x0)
        type: TYPE_INSTANTIATION InstFlags(0x0)
          expression: IDENT T IdentFlags(0x0)
      argument[2]: DECLARATION DeclarationFlags(0x0)
        name: IDENT high IdentFlags(0x0)
        type: TYPE_INSTANTIATION InstFlags(0x0)
          expression: IDENT T IdentFlags(0x0)
      return[0]: DECLARATION DeclarationFlags(0x0)
        type: TYPE_INSTANTIATION InstFlags(0x0)
          expression: IDENT T IdentFlags(0x0)
      modify[0]: DIRECTIVE_MODIFY
        block: BLOCK flags=NodeFlags(IS_PARENTHESIZED) Imperative BlockFlags(0x0)
          statement[0]: RETURN ReturnFlags(0x0)
            value[0]: LITERAL bool true LiteralFlags(0x0)
      body: PROCEDURE_BODY
        block: BLOCK flags=NodeFlags(IS_PARENTHESIZED) Imperative BlockFlags(0x0)
          statement[0]: IF IfFlags(0x0)
            condition: BINARY_OPERATOR < BinaryFlags(0x0)
              left: IDENT value IdentFlags(0x0)
              right: IDENT low IdentFlags(0x0)
            then: BLOCK Imperative BlockFlags(0x0)
              statement[0]: RETURN ReturnFlags(0x0)
                value[0]: IDENT low IdentFlags(0x0)
          statement[1]: IF IfFlags(0x0)
            condition: BINARY_OPERATOR > BinaryFlags(0x0)
              left: IDENT value IdentFlags(0x0)
              right: IDENT high IdentFlags(0x0)
            then: BLOCK Imperative BlockFlags(0x0)
              statement[0]: RETURN ReturnFlags(0x0)
                value[0]: IDENT high IdentFlags(0x0)
          statement[2]: RETURN ReturnFlags(0x0)
            value[0]: IDENT value IdentFlags(0x0)
  statement[19]: DECLARATION DeclarationFlags(IS_CONSTANT)
    name: IDENT find IdentFlags(0x0)
    expression: PROCEDURE_HEADER ProcedureFlags(0x0) parenthesized_returns=true
      argument[0]: DECLARATION DeclarationFlags(0x0)
        name: IDENT haystack IdentFlags(0x0)
        type: TYPE_INSTANTIATION InstFlags(ARRAY_VIEW)
          element_type: TYPE_INSTANTIATION InstFlags(INTERFACE)
            expression: IDENT T IdentFlags(DEFINES_POLYMORPH_VARIABLE)
            must_implement: IDENT Comparable IdentFlags(0x0)
      argument[1]: DECLARATION DeclarationFlags(0x0)
        name: IDENT needle IdentFlags(0x0)
        type: TYPE_INSTANTIATION InstFlags(0x0)
          expression: IDENT T IdentFlags(0x0)
      argument[2]: DECLARATION DeclarationFlags(AUTO_VALUE_BAKE)
        name: IDENT exact IdentFlags(0x0)
        expression: LITERAL bool true LiteralFlags(0x0)
      return[0]: DECLARATION DeclarationFlags(0x0)
        name: IDENT index IdentFlags(0x0)
        type: TYPE_INSTANTIATION InstFlags(0x0)
          expression: IDENT s64 IdentFlags(0x0)
      return[1]: DECLARATION DeclarationFlags(MUST_BE_RECEIVED)
        name: IDENT found IdentFlags(0x0)
        type: TYPE_INSTANTIATION InstFlags(0x0)
          expression: IDENT bool IdentFlags(0x0)
      body: PROCEDURE_BODY
        block: BLOCK flags=NodeFlags(IS_PARENTHESIZED) Imperative BlockFlags(0x0)
          statement[0]: FOR ForFlags(POINTER | REVERSE)
            iteration: IDENT haystack IdentFlags(0x0)
            block: BLOCK flags=NodeFlags(IS_PARENTHESIZED) Imperative BlockFlags(0x0)
              statement[0]: IF IfFlags(0x0)
                condition: BINARY_OPERATOR == BinaryFlags(0x0)
                  left: UNARY_OPERATOR .*
                    operand: IDENT it IdentFlags(0x0)
                  right: IDENT needle IdentFlags(0x0)
                then: BLOCK Imperative BlockFlags(0x0)
                  statement[0]: RETURN ReturnFlags(0x0)
                    value[0]: IDENT it_index IdentFlags(0x0)
                    value[1]: LITERAL bool true LiteralFlags(0x0)
          statement[1]: RETURN ReturnFlags(0x0)
            value[0]: UNARY_OPERATOR -
              operand: LITERAL int 1 LiteralFlags(IS_A_NUMBER)
            value[1]: LITERAL bool false LiteralFlags(0x0)
  statement[20]: DECLARATION DeclarationFlags(IS_CONSTANT)
    name: IDENT printf IdentFlags(0x0)
    expression: PROCEDURE_HEADER ProcedureFlags(ELSEWHERE | C_CALL) parenthesized_returns=false foreign="printf"
      argument[0]: DECLARATION DeclarationFlags(0x0)
        name: IDENT format IdentFlags(0x0)
        type: TYPE_INSTANTIATION InstFlags(0x0)
          pointer_to: TYPE_INSTANTIATION InstFlags(0x0)
            expression: IDENT u8 IdentFlags(0x0)
      argument[1]: DECLARATION DeclarationFlags(0x0)
        name: IDENT args IdentFlags(0x0)
        type: TYPE_INSTANTIATION InstFlags(VARARGS)
          element_type: TYPE_INSTANTIATION InstFlags(0x0)
            expression: IDENT Any IdentFlags(0x0)
      return[0]: DECLARATION DeclarationFlags(0x0)
        type: TYPE_INSTANTIATION InstFlags(0x0)
          expression: IDENT s32 IdentFlags(0x0)
      library: IDENT libc IdentFlags(0x0)
  statement[21]: DECLARATION DeclarationFlags(IS_CONSTANT)
    name: IDENT memcpy IdentFlags(0x0)
    expression: PROCEDURE_HEADER ProcedureFlags(INTRINSIC) parenthesized_returns=false intrinsic="llvm.memcpy"
      argument[0]: DECLARATION DeclarationFlags(0x0)
        name: IDENT dst IdentFlags(0x0)
        type: TYPE_INSTANTIATION InstFlags(0x0)
          pointer_to: TYPE_INSTANTIATION InstFlags(0x0)
            expression: IDENT void IdentFlags(0x0)
      argument[1]: DECLARATION DeclarationFlags(0x0)
        name: IDENT src IdentFlags(0x0)
        type: TYPE_INSTANTIATION InstFlags(0x0)
          pointer_to: TYPE_INSTANTIATION InstFlags(0x0)
            expression: IDENT void IdentFlags(0x0)
      argument[2]: DECLARATION DeclarationFlags(0x0)
        name: IDENT count IdentFlags(0x0)
        type: TYPE_INSTANTIATION InstFlags(0x0)
          expression: IDENT s64 IdentFlags(0x0)
  statement[22]: DECLARATION DeclarationFlags(IS_CONSTANT)
    name: IDENT + IdentFlags(0x0)
    expression: PROCEDURE_HEADER ProcedureFlags(SYMMETRIC) parenthesized_returns=false
      argument[0]: DECLARATION DeclarationFlags(0x0)
        name: IDENT a IdentFlags(0x0)
        type: TYPE_INSTANTIATION InstFlags(0x0)
          expression: IDENT Vector2 IdentFlags(0x0)
      argument[1]: DECLARATION DeclarationFlags(0x0)
        name: IDENT b IdentFlags(0x0)
        type: TYPE_INSTANTIATION InstFlags(0x0)
          expression: IDENT Vector2 IdentFlags(0x0)
      return[0]: DECLARATION DeclarationFlags(0x0)
        type: TYPE_INSTANTIATION InstFlags(0x0)
          expression: IDENT Vector2 IdentFlags(0x0)
      body: PROCEDURE_BODY
        block: BLOCK flags=NodeFlags(IS_PARENTHESIZED) Imperative BlockFlags(0x0)
          statement[0]: RETURN ReturnFlags(0x0)
            value[0]: LITERAL struct LiteralFlags(0x0)
              argument[0]: BINARY_OPERATOR + BinaryFlags(0x0)
                left: BINARY_OPERATOR . BinaryFlags(0x0)
                  left: IDENT a IdentFlags(0x0)
                  right: IDENT x IdentFlags(IS_RHS_OF_DOT_DEREFERENCE)
                right: BINARY_OPERATOR . BinaryFlags(0x0)
                  left: IDENT b IdentFlags(0x0)
                  right: IDENT x IdentFlags(IS_RHS_OF_DOT_DEREFERENCE)
              argument[1]: BINARY_OPERATOR + BinaryFlags(0x0)
                left: BINARY_OPERATOR . BinaryFlags(0x0)
                  left: IDENT a IdentFlags(0x0)
                  right: IDENT y IdentFlags(IS_RHS_OF_DOT_DEREFERENCE)
                right: BINARY_OPERATOR . BinaryFlags(0x0)
                  left: IDENT b IdentFlags(0x0)
                  right: IDENT y IdentFlags(IS_RHS_OF_DOT_DEREFERENCE)
  statement[23]: DECLARATION DeclarationFlags(IS_CONSTANT)
    name: IDENT loop IdentFlags(0x0)
    expression: PROCEDURE_HEADER ProcedureFlags(MACRO) parenthesized_returns=false
      argument[0]: DECLARATION DeclarationFlags(0x0)
        name: IDENT n IdentFlags(0x0)
        type: TYPE_INSTANTIATION InstFlags(0x0)
          expression: IDENT int IdentFlags(0x0)
      argument[1]: DECLARATION DeclarationFlags(0x0)
        name: IDENT body IdentFlags(0x0)
        type: TYPE_INSTANTIATION InstFlags(0x0)
          expression: IDENT Code IdentFlags(0x0)
      body: PROCEDURE_BODY
        block: BLOCK flags=NodeFlags(IS_PARENTHESIZED) Imperative BlockFlags(0x0)
          statement[0]: FOR ForFlags(0x0)
            iteration: LITERAL int 1 LiteralFlags(IS_A_NUMBER)
            iteration_right: IDENT n IdentFlags(0x0)
            block: BLOCK flags=NodeFlags(IS_PARENTHESIZED) Imperative BlockFlags(0x0)
              statement[0]: DIRECTIVE_INSERT scope=false
                break: LOOP_CONTROL Break
                  target: IDENT it IdentFlags(0x0)
                continue: LOOP_CONTROL Continue
                  target: IDENT it IdentFlags(0x0)
                expression: IDENT body IdentFlags(0x0)
  statement[24]: DECLARATION DeclarationFlags(IS_CONSTANT)
    name: IDENT for_expansion IdentFlags(0x0)
    expression: PROCEDURE_HEADER ProcedureFlags(MACRO) parenthesized_returns=false
      argument[0]: DECLARATION DeclarationFlags(0x0)
        name: IDENT container IdentFlags(0x0)
        type: TYPE_INSTANTIATION InstFlags(0x0)
          pointer_to: TYPE_INSTANTIATION InstFlags(0x0)
            expression: PROCEDURE_CALL CallFlags(0x0)
              procedure: IDENT Entity IdentFlags(0x0)
              argument[0]: IDENT int IdentFlags(0x0)
              argument[1]: LITERAL int 3 LiteralFlags(IS_A_NUMBER)
      argument[1]: DECLARATION DeclarationFlags(0x0)
        name: IDENT body IdentFlags(0x0)
        type: TYPE_INSTANTIATION InstFlags(0x0)
          expression: IDENT Code IdentFlags(0x0)
      argument[2]: DECLARATION DeclarationFlags(0x0)
        name: IDENT flags IdentFlags(0x0)
        type: TYPE_INSTANTIATION InstFlags(0x0)
          expression: IDENT For_Flags IdentFlags(0x0)
      body: PROCEDURE_BODY
        block: BLOCK flags=NodeFlags(IS_PARENTHESIZED) Imperative BlockFlags(0x0)
          statement[0]: FOR ForFlags(0x0)
            pointer_expression: CAST CastFlags(0x0)
              target: TYPE_INSTANTIATION InstFlags(0x0)
                expression: IDENT bool IdentFlags(0x0)
              expression: BINARY_OPERATOR flags=NodeFlags(IS_PARENTHESIZED) & BinaryFlags(0x0)
                left: IDENT flags IdentFlags(0x0)
                right: UNARY_OPERATOR .
                  operand: IDENT POINTER IdentFlags(IS_RHS_OF_DOT_DEREFERENCE)
            it: IDENT entry IdentFlags(0x0)
            it_index: IDENT index IdentFlags(0x0)
            iteration: BINARY_OPERATOR . BinaryFlags(0x0)
              left: IDENT container IdentFlags(0x0)
              right: IDENT values IdentFlags(IS_RHS_OF_DOT_DEREFERENCE)
            block: BLOCK flags=NodeFlags(IS_PARENTHESIZED) Imperative BlockFlags(0x0)
              statement[0]: DECLARATION DeclarationFlags(HAS_SCOPE_MODIFIER)
                name: IDENT it IdentFlags(HAS_SCOPE_MODIFIER)
                expression: IDENT entry IdentFlags(0x0)
              statement[1]: DECLARATION DeclarationFlags(HAS_SCOPE_MODIFIER)
                name: IDENT it_index IdentFlags(HAS_SCOPE_MODIFIER)
                expression: IDENT index IdentFlags(0x0)
              statement[2]: DIRECTIVE_INSERT scope=false
                expression: IDENT body IdentFlags(0x0)
  statement[25]: DECLARATION DeclarationFlags(IS_CONSTANT)
    name: IDENT main IdentFlags(0x0)
    expression: PROCEDURE_HEADER ProcedureFlags(0x0) parenthesized_returns=false
      body: PROCEDURE_BODY
        block: BLOCK flags=NodeFlags(IS_PARENTHESIZED) Imperative BlockFlags(0x0)
          statement[0]: DECLARATION DeclarationFlags(0x0)
            name: IDENT entity IdentFlags(0x0)
            type: TYPE_INSTANTIATION InstFlags(0x0)
              expression: PROCEDURE_CALL CallFlags(0x0)
                procedure: IDENT Entity IdentFlags(0x0)
                argument[0]: IDENT int IdentFlags(0x0)
                argument[1]: LITERAL int 3 LiteralFlags(IS_A_NUMBER)
          statement[1]: DECLARATION DeclarationFlags(0x0)
            name: IDENT p IdentFlags(0x0)
            expression: UNARY_OPERATOR *
              operand: IDENT entity IdentFlags(0x0)
          statement[2]: COMPOUND_DECLARATION
            names: COMMA_SEPARATED_ARGUMENTS
              argument[0] None: IDENT total IdentFlags(0x0)
              argument[1] None: IDENT count IdentFlags(0x0)
            properties: DECLARATION DeclarationFlags(0x0)
              expression: COMMA_SEPARATED_ARGUMENTS
                argument[0] None: LITERAL int 0 LiteralFlags(IS_A_NUMBER)
                argument[1] None: LITERAL int 0 LiteralFlags(IS_A_NUMBER)
          statement[3]: COMPOUND_DECLARATION =
            names: COMMA_SEPARATED_ARGUMENTS
              argument[0] None: IDENT total IdentFlags(0x0)
              argument[1] None: IDENT count IdentFlags(0x0)
            properties: DECLARATION DeclarationFlags(0x0)
              expression: COMMA_SEPARATED_ARGUMENTS
                argument[0] None: IDENT count IdentFlags(0x0)
                argument[1] None: IDENT total IdentFlags(0x0)
          statement[4]: COMPOUND_DECLARATION =
            names: COMMA_SEPARATED_ARGUMENTS
              argument[0] Declare: IDENT ok IdentFlags(0x0)
              argument[1] None: IDENT value IdentFlags(0x0)
            properties: DECLARATION DeclarationFlags(0x0)
              expression: PROCEDURE_CALL CallFlags(0x0)
                procedure: IDENT compute IdentFlags(0x0)
          statement[5]: WHILE
            condition: DECLARATION DeclarationFlags(0x0)
              name: IDENT running IdentFlags(0x0)
              expression: PROCEDURE_CALL CallFlags(0x0)
                procedure: IDENT next IdentFlags(0x0)
            block: BLOCK flags=NodeFlags(IS_PARENTHESIZED) Imperative BlockFlags(0x0)
              statement[0]: DEFER backticked=false
                block: BLOCK Imperative BlockFlags(0x0)
                  statement[0]: PROCEDURE_CALL CallFlags(0x0)
                    procedure: IDENT close IdentFlags(0x0)
                    argument[0]: IDENT running IdentFlags(0x0)
              statement[1]: IF IfFlags(IS_SWITCH_STATEMENT)
                condition: IDENT running IdentFlags(0x0)
                then: BLOCK flags=NodeFlags(IS_PARENTHESIZED) Imperative BlockFlags(0x0)
                  statement[0]: CASE fallthrough=true
                    condition: UNARY_OPERATOR .
                      operand: IDENT QUIET IdentFlags(IS_RHS_OF_DOT_DEREFERENCE)
                    then: BLOCK Imperative BlockFlags(0x0)
                      statement[0]: BINARY_OPERATOR += BinaryFlags(0x0)
                        left: IDENT total IdentFlags(0x0)
                        right: LITERAL int 1 LiteralFlags(IS_A_NUMBER)
                  statement[1]: CASE fallthrough=false
                    condition: UNARY_OPERATOR .
                      operand: IDENT LOUD IdentFlags(IS_RHS_OF_DOT_DEREFERENCE)
                    then: BLOCK Imperative BlockFlags(0x0)
                      statement[0]: BINARY_OPERATOR <<= BinaryFlags(0x0)
                        left: IDENT total IdentFlags(0x0)
                        right: LITERAL int 2 LiteralFlags(IS_A_NUMBER)
                  statement[2]: CASE fallthrough=false
                    then: BLOCK Imperative BlockFlags(0x0)
                      statement[0]: LOOP_CONTROL Break
                        target: IDENT running IdentFlags(0x0)
          statement[6]: FOR ForFlags(0x0)
            it: IDENT index IdentFlags(0x0)
            iteration: LITERAL int 0 LiteralFlags(IS_A_NUMBER)
            iteration_right: LITERAL int 9 LiteralFlags(IS_A_NUMBER)
            block: BLOCK flags=NodeFlags(IS_PARENTHESIZED) Imperative BlockFlags(0x0)
              statement[0]: IF IfFlags(0x0)
                condition: BINARY_OPERATOR & BinaryFlags(0x0)
                  left: IDENT index IdentFlags(0x0)
                  right: LITERAL int 1 LiteralFlags(IS_A_NUMBER)
                then: BLOCK Imperative BlockFlags(0x0)
                  statement[0]: LOOP_CONTROL Continue
              statement[1]: BINARY_OPERATOR += BinaryFlags(0x0)
                left: IDENT total IdentFlags(0x0)
                right: IDENT index IdentFlags(0x0)
          statement[7]: FOR ForFlags(0x0)
            expansion: IDENT named IdentFlags(0x0)
            it: IDENT v IdentFlags(0x0)
            it_index: IDENT k IdentFlags(0x0)
            iteration: IDENT table IdentFlags(0x0)
            block: BLOCK flags=NodeFlags(IS_PARENTHESIZED) Imperative BlockFlags(0x0)
              statement[0]: LOOP_CONTROL Remove
                target: IDENT v IdentFlags(0x0)
          statement[8]: DECLARATION DeclarationFlags(0x0)
            name: IDENT name IdentFlags(0x0)
            expression: IF IfFlags(IS_IFX)
              condition: BINARY_OPERATOR > BinaryFlags(0x0)
                left: IDENT total IdentFlags(0x0)
                right: LITERAL int 3 LiteralFlags(IS_A_NUMBER)
              then: BLOCK Imperative BlockFlags(0x0)
                statement[0]: LITERAL string "many" LiteralFlags(0x0)
              else: BLOCK Imperative BlockFlags(0x0)
                statement[0]: LITERAL string "few" LiteralFlags(0x0)
          statement[9]: DECLARATION DeclarationFlags(0x0)
            name: IDENT style IdentFlags(0x0)
            expression: IF IfFlags(IS_IFX)
              condition: IDENT total IdentFlags(0x0)
              then: BLOCK flags=NodeFlags(IS_PARENTHESIZED) Imperative BlockFlags(0x0)
                statement[0]: PROCEDURE_CALL CallFlags(0x0)
                  procedure: IDENT log IdentFlags(0x0)
                  argument[0]: LITERAL string "counting" LiteralFlags(0x0)
                statement[1]: LITERAL string "some" LiteralFlags(0x0)
              else: BLOCK flags=NodeFlags(IS_PARENTHESIZED) Imperative BlockFlags(0x0)
                statement[0]: LITERAL string "none" LiteralFlags(0x0)
          statement[10]: DECLARATION DeclarationFlags(0x0)
            name: IDENT bytes IdentFlags(0x0)
            expression: CAST CastFlags(TRUNCATE)
              target: TYPE_INSTANTIATION InstFlags(0x0)
                expression: IDENT u8 IdentFlags(0x0)
              expression: IDENT total IdentFlags(0x0)
          statement[11]: DECLARATION DeclarationFlags(0x0)
            name: IDENT address IdentFlags(0x0)
            expression: CAST CastFlags(FORCE | HAS_FUNCTION_SYNTAX)
              target: TYPE_INSTANTIATION InstFlags(0x0)
                pointer_to: TYPE_INSTANTIATION InstFlags(0x0)
                  expression: IDENT u8 IdentFlags(0x0)
              expression: IDENT p IdentFlags(0x0)
          statement[12]: DECLARATION DeclarationFlags(0x0)
            name: IDENT view IdentFlags(0x0)
            expression: UNARY_OPERATOR .*
              operand: CAST CastFlags(HAS_POSTFIX_SYNTAX)
                target: TYPE_INSTANTIATION InstFlags(0x0)
                  pointer_to: TYPE_INSTANTIATION InstFlags(0x0)
                    expression: IDENT Vector2 IdentFlags(0x0)
                expression: IDENT p IdentFlags(0x0)
          statement[13]: DECLARATION DeclarationFlags(0x0)
            name: IDENT auto IdentFlags(0x0)
            type: TYPE_INSTANTIATION InstFlags(0x0)
              expression: IDENT float IdentFlags(0x0)
            expression: CAST CastFlags(IS_AUTO)
              expression: IDENT total IdentFlags(0x0)
          statement[14]: PUSH_CONTEXT PushContextFlags(DEFER_POP)
            to_push: IDENT new_context IdentFlags(0x0)
          statement[15]: PUSH_CONTEXT PushContextFlags(0x0)
            to_push: LITERAL struct LiteralFlags(0x0)
              argument[0].name: IDENT allocator IdentFlags(0x0)
              argument[0]: IDENT temp IdentFlags(0x0)
            block: BLOCK flags=NodeFlags(IS_PARENTHESIZED) Imperative BlockFlags(0x0)
              statement[0]: PROCEDURE_CALL CallFlags(0x0)
                procedure: IDENT print IdentFlags(0x0)
                argument[0]: LITERAL string "hello %, % %\n" LiteralFlags(0x0)
                argument[1]: IDENT name IdentFlags(0x0)
                argument[2]: IDENT style IdentFlags(0x0)
                argument[3]: IDENT flags=NodeFlags(EXPRESSION_IS_SPREAD) NAMES IdentFlags(0x0)
                context[0]: BINARY_OPERATOR = BinaryFlags(0x0)
                  left: IDENT allocator IdentFlags(0x0)
                  right: IDENT temp IdentFlags(0x0)
          statement[16]: ASM features=[] body=" mov.64 a:, 10; add a, a; "
          statement[17]: DIRECTIVE_BYTES
            expression: LITERAL array LiteralFlags(0x0)
              member[0]: LITERAL int 144 LiteralFlags(IS_A_NUMBER | HEX)
              member[1]: LITERAL int 144 LiteralFlags(IS_A_NUMBER | HEX)
          statement[18]: DIRECTIVE_RUN RunFlags(HAS_IMPLICIT_RETURN_TYPES)
            procedure: PROCEDURE_HEADER ProcedureFlags(0x0) parenthesized_returns=false
              body: PROCEDURE_BODY
                block: BLOCK Imperative BlockFlags(0x0)
                  statement[0]: PROCEDURE_CALL CallFlags(0x0)
                    procedure: IDENT print IdentFlags(0x0)
                    argument[0]: LITERAL string "compile time" LiteralFlags(0x0)
          statement[19]: DIRECTIVE_RUN RunFlags(ASSERTION | HAS_IMPLICIT_RETURN_TYPES)
            procedure: PROCEDURE_HEADER ProcedureFlags(0x0) parenthesized_returns=false
              body: PROCEDURE_BODY
                block: BLOCK Imperative BlockFlags(0x0)
                  statement[0]: BINARY_OPERATOR == BinaryFlags(0x0)
                    left: TYPE_QUERY SizeOf
                      type: TYPE_INSTANTIATION InstFlags(0x0)
                        expression: IDENT Vector2 IdentFlags(0x0)
                    right: LITERAL int 8 LiteralFlags(IS_A_NUMBER)
            assertion_string: LITERAL string "Vector2 must be two floats" LiteralFlags(0x0)
          statement[20]: DIRECTIVE_INSERT scope=false
            expression: DIRECTIVE_RUN RunFlags(SYNTACTICALLY_IMPLICIT)
              procedure: PROCEDURE_HEADER ProcedureFlags(0x0) parenthesized_returns=false
                return[0]: DECLARATION DeclarationFlags(0x0)
                  type: TYPE_INSTANTIATION InstFlags(0x0)
                    expression: IDENT string IdentFlags(0x0)
                body: PROCEDURE_BODY
                  block: BLOCK flags=NodeFlags(IS_PARENTHESIZED) Imperative BlockFlags(0x0)
                    statement[0]: RETURN ReturnFlags(0x0)
                      value[0]: LITERAL string "helper :: () {}" LiteralFlags(0x0)
          statement[21]: DECLARATION DeclarationFlags(0x0)
            name: IDENT x IdentFlags(0x0)
            expression: DIRECTIVE_RUN RunFlags(STALLABLE | HAS_IMPLICIT_RETURN_TYPES)
              procedure: PROCEDURE_HEADER ProcedureFlags(0x0) parenthesized_returns=false
                body: PROCEDURE_BODY
                  block: BLOCK Imperative BlockFlags(0x0)
                    statement[0]: PROCEDURE_CALL CallFlags(0x0)
                      procedure: IDENT compute IdentFlags(0x0)
          statement[22]: DECLARATION DeclarationFlags(IS_CONSTANT)
            name: IDENT code IdentFlags(0x0)
            expression: DIRECTIVE_CODE CodeFlags(TYPED)
              expression: BINARY_OPERATOR + BinaryFlags(0x0)
                left: IDENT total IdentFlags(0x0)
                right: LITERAL int 1 LiteralFlags(IS_A_NUMBER)
          statement[23]: DECLARATION DeclarationFlags(IS_CONSTANT)
            name: IDENT where IdentFlags(0x0)
            expression: DIRECTIVE_LOCATION caller=false parentheses=true
              expression: DIRECTIVE_THIS
          statement[24]: DECLARATION DeclarationFlags(IS_CONSTANT)
            name: IDENT who IdentFlags(0x0)
            expression: DIRECTIVE_PROCEDURE_NAME
          statement[25]: DECLARATION DeclarationFlags(IS_CONSTANT)
            name: IDENT here IdentFlags(0x0)
            expression: DIRECTIVE_FILE_INFO #file
          statement[26]: DECLARATION DeclarationFlags(IS_CONSTANT)
            name: IDENT exists IdentFlags(0x0)
            expression: DIRECTIVE_EXISTS
              query: BINARY_OPERATOR . BinaryFlags(0x0)
                left: IDENT Vector2 IdentFlags(0x0)
                right: IDENT x IdentFlags(IS_RHS_OF_DOT_DEREFERENCE)
          statement[27]: DECLARATION DeclarationFlags(0x0)
            name: IDENT handle IdentFlags(0x0)
            expression: DIRECTIVE_BAKE ParameterValue
              call: PROCEDURE_CALL CallFlags(0x0)
                procedure: IDENT printf IdentFlags(0x0)
                argument[0].name: IDENT format IdentFlags(0x0)
                argument[0]: LITERAL string "%" LiteralFlags(0x0)
          statement[28]: DECLARATION DeclarationFlags(0x0)
            name: IDENT which IdentFlags(0x0)
            expression: PROCEDURE_CALL CallFlags(RETURNS_PROCEDURE_POINTER_ONLY)
              procedure: IDENT clamp IdentFlags(0x0)
              argument[0]: LITERAL int 1 LiteralFlags(IS_A_NUMBER)
              argument[1]: LITERAL int 0 LiteralFlags(IS_A_NUMBER)
              argument[2]: LITERAL int 2 LiteralFlags(IS_A_NUMBER)
          statement[29]: DECLARATION DeclarationFlags(0x0)
            name: IDENT is_ct IdentFlags(0x0)
            expression: DIRECTIVE_COMPILE_TIME
          statement[30]: DECLARATION DeclarationFlags(0x0)
            name: IDENT ctx IdentFlags(0x0)
            type: TYPE_INSTANTIATION InstFlags(0x0)
              expression: DIRECTIVE_CONTEXT_TYPE
